				;	@     /0000                   ; origem do código
0000 0040		;	INIT        JP    MAIN
0002 0002		;	TWO         K     /0002
0004 0000		;	ZERO        K     /0000
0006 8000		;	LD_INSTR    LD    /0000       ; para fabricar instrucao de LD 
0008 9000		;	MM_INSTR    MM    /0000       ; para fabricar instrucao de MM

000a 0300		;	PARAM_1     K     /0300       ; parametro 1 da funcao
000c 0100		;	PARAM_2     K     /0100       ; parametro 2 da funcao

000e 0400		;	BP          K     /0400       ; base pointer
0010 0400		;	FP          K     /0400       ; frame pointer
0012 0400		;	SP          K     /0400       ; stack pointer

0014 0008		;	RV_SIZE     K     =0008       ; tamanho do valor retornado da função

; subrotina FUNCTION ---------------------------------------
0016 0000		;	F_PARAM_1   K     /0000
0018 0000		;	F_PARAM_2   K     /0000
; corpo da subrotina
001a 0000		;	FUNCTION    K     /0000
            
            

001c 8016		;	            LD    F_PARAM_1   ; carrega o primeiro param
001e 5018		;	            -     F_PARAM_2   ; subtrai, resultado no acumulador




0020 801a		;	            LD    FUNCTION    ; endereco de retorno
0022 9028		;	            MM    PUR_PARAM   
0024 a02a		;	            SC    PUSH_RA     ; push PARAM_2 na pilha de ra


0026 b01a		;	            RS    FUNCTION    ; retornando
; fim FUNCTION -----------------------------------------------

; subrotina PUSH_RA ---------------------------------------
0028 0000		;	PUR_PARAM    K     /0000
; corpo da subrotina
002a 0000		;	PUSH_RA     K     /0000
002c 8008		;	            LD    MM_INSTR    ; composicao do comando de carregar na pilha
002e 4012		;	            +     SP
0030 5002		;	            -     TWO
0032 9036		;	            MM    _NEW_INSTR1
0034 8028		;	            LD    PUR_PARAM
0036 0000		;	_NEW_INSTR1 K     /0000       ; carrega na pilha de fato  
0038 8012		;	            LD    SP          
003a 5002		;	            -     TWO
003c 9012		;	            MM    SP          ; sp, aponte para o vazio 
003e b02a		;	            RS    PUSH_RA
; fim PUSH_RA --------------------------------------------

; corpo do main -----------------------------------------
0040 800a		;	MAIN        LD    PARAM_1     
0042 9028		;	            MM    PUR_PARAM   
0044 a02a		;	            SC    PUSH_RA     ; push PARAM_1 na pilha de ra

0046 800c		;	            LD    PARAM_2     
0048 9028		;	            MM    PUR_PARAM   
004a a02a		;	            SC    PUSH_RA     ; push PARAM_2 na pilha de ra

004c 8010		;	            LD    FP     
004e 9028		;	            MM    PUR_PARAM         
0050 a02a		;	            SC    PUSH_RA     ; push PARAM_2 na pilha de ra

0052 a01a		;	            SC    FUNCTION    ; chama FUNCTION

0054 c000		;	            HM    INIT        ; fim do programa inteiro
;fim main -----------------------------------------------



